// Jest Snapshot v1, https://goo.gl/fbAQLP

exports[`MessagePreview should match the snapshot 1`] = `
<section
  className="message-preview"
/>
`;
