// Jest Snapshot v1, https://goo.gl/fbAQLP

exports[`About should match the snapshot 1`] = `
<section>
  <p>
    This the about page.
  </p>
</section>
`;
