// Jest Snapshot v1, https://goo.gl/fbAQLP

exports[`Message should match the snapshot 1`] = `
<section
  className="message sender"
>
  <p>
    hello
  </p>
  <img
    src="url"
  />
</section>
`;
