// Jest Snapshot v1, https://goo.gl/fbAQLP

exports[`Inbox should match the snapshot 1`] = `
<section
  className="inbox"
>
  <MessagePreview />
  <MessagePreview />
</section>
`;
