// Jest Snapshot v1, https://goo.gl/fbAQLP

exports[`MobileNavButton should match the snapshot 1`] = `
<Link
  to="/"
>
  <button
    className="selected nav-button"
    id="logoutButton"
    onClick={[Function]}
    value="home"
  >
    home
  </button>
</Link>
`;
