// Jest Snapshot v1, https://goo.gl/fbAQLP

exports[`Splash should match the snapshot 1`] = `
<section>
  <p>
    This the splash page.
  </p>
</section>
`;
