// Jest Snapshot v1, https://goo.gl/fbAQLP

exports[`MeetupContainer should match the snapshot 1`] = `
<section
  className="meetups-container"
>
  <Meetup />
  <Meetup />
</section>
`;
