// Jest Snapshot v1, https://goo.gl/fbAQLP

exports[`About should match the snapshot 1`] = `
<section
  className="about-container"
>
  <h5>
    We are so glad you're here. Sign up or log in to start getting inspired.
  </h5>
</section>
`;
